{
  "non_field_errors": [
    "Unsupported file type."
  ]
}
