{
  "file": "str",
  "is_processed": "bool",
  "uploaded_at": "int"
}
