{
  "file": [
    "File size is too large. At most 2097152 bytes are allowed"
  ]
}
