{
  "file": [
    "Ensure this filename has at most 50 characters (it has 204)."
  ]
}
