{
  "file": [
    "The submitted data was not a file. Check the encoding type on the form."
  ]
}
