{
  "file": "str",
  "uploaded_at": "int",
  "is_processed": "bool"
}
